---
source: tests/requests/user.rs
assertion_line: 36
expression: "(response.status_code(), response.text())"
---
(
    200,
    "{\"pid\":\"PID\",\"name\":\"loco\",\"email\":\"mishaa.pro@proton.me\"}",
)
